// Jest Snapshot v1, https://goo.gl/fbAQLP

exports[`ConfirmationIconComponent should match the snapshot 1`] = `
<View>
  <Image
    source={1}
    style={
      {
        "height": 220,
        "width": 220,
      }
    }
    testID="confirmation-icon"
  />
</View>
`;
